# Slack reactions log

Appended by the jarvis-listener Cloudflare Worker. Read by the next Jarvis routine run as feedback signal for ranking.

- **2026-05-20T15:37:19.924Z** · type=`message` · ch=`D0B4N3MEWJE` · reaction=`-` · user=`U0B4JLHT2ER`
- **2026-05-20T15:37:22.931Z** · type=`message` · ch=`D0B4N3MEWJE` · reaction=`-` · user=`U0B4RMMA4JY`
- **2026-05-20T15:37:30.657Z** · type=`message` · ch=`C0B4X5GN9T6` · reaction=`-` · user=`-`
- **2026-05-20T18:58:29.665Z** · PRE-CHECK · type=`event_callback` · event_type=`message` · reaction=`-` · sig_ok=`true` · ts=`1779303509`
- **2026-05-20T18:58:32.951Z** · PRE-CHECK · type=`event_callback` · event_type=`message` · reaction=`-` · sig_ok=`true` · ts=`1779303512`
- **2026-05-20T18:58:33.788Z** · type=`message` · ch=`D0B4N3MEWJE` · reaction=`-` · user=`U0B4RMMA4JY`
- **2026-05-20T18:58:39.602Z** · PRE-CHECK · type=`event_callback` · event_type=`message` · reaction=`-` · sig_ok=`true` · ts=`1779303519`
- **2026-05-20T18:58:40.535Z** · type=`message` · ch=`D0B4N3MEWJE` · reaction=`-` · user=`U0B4JLHT2ER`
- **2026-05-20T18:58:44.215Z** · PRE-CHECK · type=`event_callback` · event_type=`message` · reaction=`-` · sig_ok=`true` · ts=`1779303524`
- **2026-05-20T18:58:44.968Z** · type=`message` · ch=`D0B4N3MEWJE` · reaction=`-` · user=`U0B4RMMA4JY`
- **2026-05-20T18:58:56.874Z** · PRE-CHECK · type=`event_callback` · event_type=`message` · reaction=`-` · sig_ok=`true` · ts=`1779303536`
- **2026-05-20T18:58:57.631Z** · type=`message` · ch=`D0B4N3MEWJE` · reaction=`-` · user=`U0B4JLHT2ER`
- **2026-05-20T18:59:00.451Z** · PRE-CHECK · type=`event_callback` · event_type=`message` · reaction=`-` · sig_ok=`true` · ts=`1779303540`
- **2026-05-20T18:59:01.235Z** · type=`message` · ch=`D0B4N3MEWJE` · reaction=`-` · user=`U0B4RMMA4JY`
- **2026-05-20T18:59:11.429Z** · PRE-CHECK · type=`event_callback` · event_type=`message` · reaction=`-` · sig_ok=`true` · ts=`1779303551`
- **2026-05-20T18:59:12.305Z** · type=`message` · ch=`D0B4N3MEWJE` · reaction=`-` · user=`U0B4JLHT2ER`
- **2026-05-20T18:59:15.151Z** · PRE-CHECK · type=`event_callback` · event_type=`message` · reaction=`-` · sig_ok=`true` · ts=`1779303555`
- **2026-05-20T18:59:16.122Z** · type=`message` · ch=`D0B4N3MEWJE` · reaction=`-` · user=`U0B4RMMA4JY`
- **2026-05-20T18:59:25.721Z** · PRE-CHECK · type=`event_callback` · event_type=`message` · reaction=`-` · sig_ok=`true` · ts=`1779303565`
- **2026-05-20T18:59:26.635Z** · type=`message` · ch=`D0B4N3MEWJE` · reaction=`-` · user=`U0B4JLHT2ER`
- **2026-05-20T18:59:29.649Z** · PRE-CHECK · type=`event_callback` · event_type=`message` · reaction=`-` · sig_ok=`true` · ts=`1779303569`
- **2026-05-20T18:59:30.466Z** · type=`message` · ch=`D0B4N3MEWJE` · reaction=`-` · user=`U0B4RMMA4JY`
- **2026-05-20T19:00:05.341Z** · PRE-CHECK · type=`event_callback` · event_type=`message` · reaction=`-` · sig_ok=`true` · ts=`1779303605`
- **2026-05-20T19:00:06.225Z** · type=`message` · ch=`D0B4N3MEWJE` · reaction=`-` · user=`U0B4JLHT2ER`
- **2026-05-20T19:00:12.259Z** · PRE-CHECK · type=`event_callback` · event_type=`message` · reaction=`-` · sig_ok=`true` · ts=`1779303612`
- **2026-05-20T19:00:13.347Z** · type=`message` · ch=`D0B4N3MEWJE` · reaction=`-` · user=`U0B4RMMA4JY`
- **2026-05-20T19:00:22.127Z** · PRE-CHECK · type=`event_callback` · event_type=`message` · reaction=`-` · sig_ok=`true` · ts=`1779303622`
- **2026-05-20T19:02:29.255Z** · PRE-CHECK · type=`event_callback` · event_type=`message` · reaction=`-` · sig_ok=`true` · ts=`1779303749`
- **2026-05-20T19:02:30.295Z** · type=`message` · ch=`C0B4C3K5NET` · reaction=`-` · user=`U0B4RMMA4JY`
- **2026-05-20T19:02:31.255Z** · type=`app_mention` · ch=`C0B4C3K5NET` · reaction=`-` · user=`U0B4JLHT2ER`
- **2026-05-20T19:02:34.077Z** · PRE-CHECK · type=`event_callback` · event_type=`message` · reaction=`-` · sig_ok=`true` · ts=`1779303754`
- **2026-05-20T19:02:34.978Z** · type=`message` · ch=`C0B4C3K5NET` · reaction=`-` · user=`U0B4RMMA4JY`
